2025-08-07T00:21:14.529Z [rest-api] error: [notFound]: error - "Contact Administrator"
2025-08-07T00:21:14.550Z [rest-api] error: [notFound]: error - "Contact Administrator"
2025-08-07T16:31:46.267Z [rest-api] error: [notFound]: error - "Contact Administrator"
2025-08-07T16:31:46.608Z [rest-api] error: [notFound]: error - "Contact Administrator"
2025-08-07T17:36:24.253Z [rest-api] info: *** Closing Application ***
2025-08-07T17:36:24.279Z [rest-api] info: *** Closing Application ***
2025-08-07T17:36:24.311Z [rest-api] error: "SIGINT"
2025-08-07T17:36:24.467Z [rest-api] info: Disconnected from database
2025-08-07T17:36:24.298Z [rest-api] error: "SIGTERM"
2025-08-07T17:36:24.557Z [rest-api] info: *** Closing Application ***
2025-08-07T17:36:24.557Z [rest-api] error: "SIGINT"
2025-08-07T17:36:24.557Z [rest-api] info: *** Closing Application ***
2025-08-07T17:36:24.557Z [rest-api] error: "SIGTERM"
2025-08-07T17:36:24.563Z [rest-api] info: Disconnected from database
2025-08-07T17:36:24.563Z [rest-api] info: Disconnected from database
2025-08-07T17:36:24.563Z [rest-api] info: Disconnected from database
2025-08-07T17:36:29.476Z [rest-api] error: Forcefully shutting down
2025-08-07T17:36:29.569Z [rest-api] error: Forcefully shutting down
2025-08-07T17:39:35.281Z [rest-api] info: Rest server starting up...
2025-08-07T17:39:35.345Z [rest-api] info: Server running on port 3001
2025-08-07T17:39:35.350Z [rest-api] info: GraphQL endpoint: http://localhost:3001/graphql
2025-08-07T17:39:37.611Z [rest-api] info: Service worker listening on port 3002
2025-08-07T17:41:29.116Z [rest-api] info: *** Closing Application ***
2025-08-07T17:41:29.125Z [rest-api] info: *** Closing Application ***
2025-08-07T17:41:29.119Z [rest-api] error: "SIGTERM"
2025-08-07T17:41:29.127Z [rest-api] error: "SIGINT"
2025-08-07T17:41:29.143Z [rest-api] info: *** Closing Application ***
2025-08-07T17:41:29.144Z [rest-api] error: "SIGINT"
2025-08-07T17:41:29.144Z [rest-api] info: *** Closing Application ***
2025-08-07T17:41:29.144Z [rest-api] error: "SIGTERM"
2025-08-07T17:41:29.145Z [rest-api] info: Disconnected from database
2025-08-07T17:41:29.145Z [rest-api] info: Disconnected from database
2025-08-07T17:41:29.146Z [rest-api] info: Disconnected from database
2025-08-07T17:41:29.150Z [rest-api] info: Disconnected from database
2025-08-07T17:41:34.179Z [rest-api] error: Forcefully shutting down
2025-08-07T17:41:34.180Z [rest-api] error: Forcefully shutting down
2025-08-07T17:54:39.949Z [rest-api] info: Rest server starting up...
2025-08-07T17:54:40.007Z [rest-api] info: Server running on port 3001
2025-08-07T17:54:40.010Z [rest-api] info: GraphQL endpoint: http://localhost:3001/graphql
2025-08-07T17:54:43.697Z [rest-api] info: Service worker listening on port 3002
2025-08-07T17:54:54.630Z [rest-api] info: *** Closing Application ***
2025-08-07T17:54:54.636Z [rest-api] info: *** Closing Application ***
2025-08-07T17:54:54.638Z [rest-api] error: "SIGINT"
2025-08-07T17:54:54.658Z [rest-api] info: Disconnected from database
2025-08-07T17:54:54.633Z [rest-api] error: "SIGTERM"
2025-08-07T17:54:54.666Z [rest-api] info: *** Closing Application ***
2025-08-07T17:54:54.666Z [rest-api] error: "SIGINT"
2025-08-07T17:54:54.667Z [rest-api] info: *** Closing Application ***
2025-08-07T17:54:54.667Z [rest-api] error: "SIGTERM"
2025-08-07T17:54:54.668Z [rest-api] info: Disconnected from database
2025-08-07T17:54:54.668Z [rest-api] info: Disconnected from database
2025-08-07T17:54:54.669Z [rest-api] info: Disconnected from database
2025-08-07T17:54:59.670Z [rest-api] error: Forcefully shutting down
2025-08-07T17:54:59.673Z [rest-api] error: Forcefully shutting down
2025-08-07T17:56:14.496Z [rest-api] info: Rest server starting up...
2025-08-07T17:56:14.539Z [rest-api] info: Server running on port 3001
2025-08-07T17:56:14.539Z [rest-api] info: GraphQL endpoint: http://localhost:3001/graphql
2025-08-07T17:56:16.322Z [rest-api] info: Service worker listening on port 3002
2025-08-07T17:59:45.678Z [rest-api] info: *** Closing Application ***
2025-08-07T17:59:45.695Z [rest-api] info: *** Closing Application ***
2025-08-07T17:59:45.703Z [rest-api] error: "SIGINT"
2025-08-07T17:59:45.691Z [rest-api] error: "SIGTERM"
2025-08-07T17:59:45.732Z [rest-api] info: Disconnected from database
2025-08-07T17:59:45.729Z [rest-api] info: *** Closing Application ***
2025-08-07T17:59:45.730Z [rest-api] error: "SIGINT"
2025-08-07T17:59:45.730Z [rest-api] info: *** Closing Application ***
2025-08-07T17:59:45.730Z [rest-api] error: "SIGTERM"
2025-08-07T17:59:45.732Z [rest-api] info: Disconnected from database
2025-08-07T17:59:45.732Z [rest-api] info: Disconnected from database
2025-08-07T17:59:45.732Z [rest-api] info: Disconnected from database
2025-08-07T17:59:50.748Z [rest-api] error: Forcefully shutting down
2025-08-07T17:59:50.749Z [rest-api] error: Forcefully shutting down
2025-08-07T18:01:49.738Z [rest-api] info: Rest server starting up...
2025-08-07T18:01:49.791Z [rest-api] info: Server running on port 3001
2025-08-07T18:01:49.797Z [rest-api] info: GraphQL endpoint: http://localhost:3001/graphql
2025-08-07T18:01:52.229Z [rest-api] info: Service worker listening on port 3002
2025-08-07T18:03:44.259Z [rest-api] info: *** Closing Application ***
2025-08-07T18:03:44.267Z [rest-api] info: *** Closing Application ***
2025-08-07T18:03:44.273Z [rest-api] error: "SIGINT"
2025-08-07T18:03:44.265Z [rest-api] error: "SIGTERM"
2025-08-07T18:03:44.315Z [rest-api] info: Disconnected from database
2025-08-07T18:03:44.317Z [rest-api] info: *** Closing Application ***
2025-08-07T18:03:44.318Z [rest-api] error: "SIGINT"
2025-08-07T18:03:44.319Z [rest-api] info: *** Closing Application ***
2025-08-07T18:03:44.319Z [rest-api] error: "SIGTERM"
2025-08-07T18:03:44.322Z [rest-api] info: Disconnected from database
2025-08-07T18:03:44.322Z [rest-api] info: Disconnected from database
2025-08-07T18:03:44.323Z [rest-api] info: Disconnected from database
2025-08-07T18:03:49.322Z [rest-api] error: Forcefully shutting down
2025-08-07T18:03:49.331Z [rest-api] error: Forcefully shutting down
2025-08-07T18:04:31.046Z [rest-api] info: Rest server starting up...
2025-08-07T18:04:31.078Z [rest-api] info: Server running on port 3001
2025-08-07T18:04:31.078Z [rest-api] info: GraphQL endpoint: http://localhost:3001/graphql
2025-08-07T18:04:33.100Z [rest-api] info: Service worker listening on port 3002
2025-08-07T18:07:17.616Z [rest-api] info: *** Closing Application ***
2025-08-07T18:07:17.642Z [rest-api] info: *** Closing Application ***
2025-08-07T18:07:17.626Z [rest-api] error: "SIGTERM"
2025-08-07T18:07:17.719Z [rest-api] info: *** Closing Application ***
2025-08-07T18:07:17.720Z [rest-api] error: "SIGINT"
2025-08-07T18:07:17.720Z [rest-api] info: *** Closing Application ***
2025-08-07T18:07:17.721Z [rest-api] error: "SIGTERM"
2025-08-07T18:07:17.725Z [rest-api] info: Disconnected from database
2025-08-07T18:07:17.726Z [rest-api] info: Disconnected from database
2025-08-07T18:07:17.727Z [rest-api] info: Disconnected from database
2025-08-07T18:07:17.654Z [rest-api] error: "SIGINT"
2025-08-07T18:07:17.740Z [rest-api] info: Disconnected from database
2025-08-07T18:07:22.742Z [rest-api] error: Forcefully shutting down
2025-08-07T18:07:22.753Z [rest-api] error: Forcefully shutting down
2025-08-07T18:10:47.756Z [rest-api] info: Rest server starting up...
2025-08-07T18:10:47.818Z [rest-api] info: Server running on port 3001
2025-08-07T18:10:47.819Z [rest-api] info: GraphQL endpoint: http://localhost:3001/graphql
2025-08-07T18:10:51.335Z [rest-api] info: Service worker listening on port 3002
2025-08-07T18:13:40.131Z [rest-api] error: [isAuth.js]: error - "Not authenticated."
2025-08-07T18:16:32.178Z [rest-api] info: authenticationService(): Function entry
2025-08-07T18:16:32.218Z [rest-api] info: authenticationService(): current environment: dev
2025-08-07T18:16:32.219Z [rest-api] info: devLoginService(): Function entry
2025-08-07T18:16:32.221Z [rest-api] info: _validateUser(): Function entry
2025-08-07T18:16:32.305Z [rest-api] notice: Found/Created user successfully(): Success - success
2025-08-07T18:16:32.314Z [rest-api] notice: Login token generated successfully(): Success - success
